MPLINK 5.09, LINKER
Linker Map File - Created Thu Apr 04 22:03:27 2024

                                 Section Info
                  Section       Type    Address   Location Size(Bytes)
                ---------  ---------  ---------  ---------  ---------
                   .org_0       code   0x000000    program   0x000022
                   .cinit    romdata   0x000011    program   0x000004
.config_2007_BUILD/DEFAULT/DEBUG/EJERCICIO_3.       code   0x002007    program   0x000002
.config_2008_BUILD/DEFAULT/DEBUG/EJERCICIO_3.       code   0x002008    program   0x000002



                              Program Memory Usage 
                               Start         End      
                           ---------   ---------      
                            0x000000    0x000012      
                            0x002007    0x002008      
            21 out of 8455 program addresses used, program memory utilization is 0%



                              Symbols - Sorted by Name
                     Name    Address   Location    Storage File                     
                ---------  ---------  ---------  --------- ---------                
                   AMAYOR   0x000002    program     static C:\Users\Andres\Andres\Ejercicios digital II\Ejercicios_hechos.X\Ejercicio_3.7.asm
                   BMAYOR   0x000005    program     static C:\Users\Andres\Andres\Ejercicios digital II\Ejercicios_hechos.X\Ejercicio_3.7.asm
                  IGUALES   0x000000    program     static C:\Users\Andres\Andres\Ejercicios digital II\Ejercicios_hechos.X\Ejercicio_3.7.asm
                   INICIO   0x000000    program     static C:\Users\Andres\Andres\Ejercicios digital II\Ejercicios_hechos.X\Ejercicio_3.7.asm



                              Symbols - Sorted by Address
                     Name    Address   Location    Storage File                     
                ---------  ---------  ---------  --------- ---------                
                  IGUALES   0x000000    program     static C:\Users\Andres\Andres\Ejercicios digital II\Ejercicios_hechos.X\Ejercicio_3.7.asm
                   INICIO   0x000000    program     static C:\Users\Andres\Andres\Ejercicios digital II\Ejercicios_hechos.X\Ejercicio_3.7.asm
                   AMAYOR   0x000002    program     static C:\Users\Andres\Andres\Ejercicios digital II\Ejercicios_hechos.X\Ejercicio_3.7.asm
                   BMAYOR   0x000005    program     static C:\Users\Andres\Andres\Ejercicios digital II\Ejercicios_hechos.X\Ejercicio_3.7.asm


